Matching frames: 7656 (gt=7656, A=7671, B=7676)
Ignored GT classes: none

--- accumulating: cenet_mcd_terrain ---
  [  500/7656] kept=    32768000  elapsed=   1.9s
  [ 1000/7656] kept=    65536000  elapsed=   2.3s
  [ 1500/7656] kept=    98304000  elapsed=   3.1s
  [ 2000/7656] kept=   131072000  elapsed=   4.3s
  [ 2500/7656] kept=   163840000  elapsed=   5.4s
  [ 3000/7656] kept=   196608000  elapsed=   6.4s
  [ 3500/7656] kept=   229376000  elapsed=   7.5s
  [ 4000/7656] kept=   262144000  elapsed=   8.5s
  [ 4500/7656] kept=   294912000  elapsed=   9.4s
  [ 5000/7656] kept=   327680000  elapsed=  10.5s
  [ 5500/7656] kept=   360448000  elapsed=  11.5s
  [ 6000/7656] kept=   393216000  elapsed=  12.6s
  [ 6500/7656] kept=   425984000  elapsed=  13.6s
  [ 7000/7656] kept=   458752000  elapsed=  14.6s
  [ 7500/7656] kept=   491520000  elapsed=  15.6s
  [ 7656/7656] kept=   501743616  elapsed=  15.9s
  total points: 501743616   kept after ignore: 501743616

--- accumulating: cenet_mcd_terrain_ntu_tuhh ---
  [  500/7656] kept=    32768000  elapsed=   0.5s
  [ 1000/7656] kept=    65536000  elapsed=   1.0s
  [ 1500/7656] kept=    98304000  elapsed=   1.6s
  [ 2000/7656] kept=   131072000  elapsed=   2.2s
  [ 2500/7656] kept=   163840000  elapsed=   2.8s
  [ 3000/7656] kept=   196608000  elapsed=   3.4s
  [ 3500/7656] kept=   229376000  elapsed=   4.1s
  [ 4000/7656] kept=   262144000  elapsed=   4.8s
  [ 4500/7656] kept=   294912000  elapsed=   5.4s
  [ 5000/7656] kept=   327680000  elapsed=   5.9s
  [ 5500/7656] kept=   360448000  elapsed=   6.4s
  [ 6000/7656] kept=   393216000  elapsed=   6.7s
  [ 6500/7656] kept=   425984000  elapsed=   7.2s
  [ 7000/7656] kept=   458752000  elapsed=   7.8s
  [ 7500/7656] kept=   491520000  elapsed=   8.4s
  [ 7656/7656] kept=   501743616  elapsed=   8.5s
  total points: 501743616   kept after ignore: 501743616

=== cenet_mcd_terrain ===
 id  name                     IoU       Acc      Prec            GT          Pred
--------------------------------------------------------------------------------
  0  barrier               0.0000    0.0000    0.0000        292738             0
  1  bike                  0.0236    0.5296    0.0242        838372      18381660
  2  building              0.9299    0.9732    0.9543     161961888     165166026
  3  chair                 0.3207    0.5981    0.4088        884249       1293738
  4  cliff                 0.7201    0.8526    0.8225       2378920       2465980
  5  container             0.3043    0.4088    0.5434         10976          8258
  6  curb                  0.1936    0.3988    0.2733       1855563       2707469
  7  fence                 0.3289    0.4690    0.5240       2208111       1976032
  9  infosign              0.5911    0.6983    0.7939        825578        726107
 10  lanemarking           0.0330    0.4839    0.0342            31           438
 11  noise                 0.0780    0.1022    0.2484       6055511       2490469
 12  other                 0.3569    0.4441    0.6450       1931769       1330090
 13  parkinglot            0.2932    0.3829    0.5558       1718556       1183978
 14  pedestrian            0.4338    0.7148    0.5246      36461550      49688549
 15  pole                  0.4571    0.5672    0.7020       1239597       1001500
 16  road                  0.6396    0.6706    0.9326      38944193      28004264
 17  shelter               0.0070    0.0082    0.0455           243            44
 18  sidewalk              0.7064    0.7547    0.9170      85531576      70396116
 19  stairs                0.6344    0.7436    0.8120      17729422      16236456
 20  structure-other       0.6837    0.8524    0.7756      13579083      14923874
 21  traffic-cone          0.0000    0.0000    0.0000             0            34
 22  traffic-sign          0.4984    0.7326    0.6092        389605        468486
 23  trashbin              0.3781    0.6071    0.5006        558573        677377
 24  treetrunk             0.6050    0.7868    0.7237       3606147       3920492
 25  vegetation            0.8308    0.9163    0.8991      73935132      75348889
 26  vehicle-dynamic       0.3549    0.5052    0.5440       2203401       2045928
 28  vehicle-static        0.5121    0.6307    0.7315       9133948       7875011
 29  terrain               0.7228    0.7938    0.8898      37468884      33426351
  mIoU (over 27 present cls): 0.4310
  mean recall:                       0.5787
  mean precision:                    0.5717
  overall accuracy:                  0.8274

=== cenet_mcd_terrain_ntu_tuhh ===
 id  name                     IoU       Acc      Prec            GT          Pred
--------------------------------------------------------------------------------
  0  barrier               0.0000    0.0000    0.0000        292738             0
  1  bike                  0.0067    0.2138    0.0068        838372      26254870
  2  building              0.8222    0.9578    0.8531     161961888     181846354
  3  chair                 0.0590    0.0761    0.2081        884249        323259
  4  cliff                 0.0074    0.0124    0.0183       2378920       1613641
  5  container             0.0001    0.0015    0.0001         10976        180991
  6  curb                  0.0215    0.0477    0.0378       1855563       2341637
  7  fence                 0.0334    0.0407    0.1573       2208111        571311
  8  hydrant               0.0000    0.0000    0.0000             0           134
  9  infosign              0.2304    0.3438    0.4113        825578        690165
 10  lanemarking           0.0000    0.0000    0.0000            31       5354895
 11  noise                 0.0005    0.0005    0.0116       6055511        280599
 12  other                 0.0038    0.0047    0.0197       1931769        455485
 13  parkinglot            0.0466    0.0792    0.1017       1718556       1338783
 14  pedestrian            0.3502    0.5498    0.4911      36461550      40823103
 15  pole                  0.2410    0.3362    0.4596       1239597        906883
 16  road                  0.0993    0.1367    0.2664      38944193      19981243
 17  shelter               0.0000    0.0000    0.0000           243         16974
 18  sidewalk              0.3887    0.5360    0.5858      85531576      78271895
 19  stairs                0.2686    0.2864    0.8121      17729422       6252526
 20  structure-other       0.0178    0.0198    0.1522      13579083       1766531
 21  traffic-cone          0.0000    0.0000    0.0000             0         17748
 22  traffic-sign          0.1704    0.2209    0.4267        389605        201712
 23  trashbin              0.1384    0.2610    0.2275        558573        640894
 24  treetrunk             0.3640    0.6146    0.4716       3606147       4699771
 25  vegetation            0.7378    0.8652    0.8337      73935132      76730142
 26  vehicle-dynamic       0.0023    0.0027    0.0144       2203401        414479
 27  vehicle-other         0.0000    0.0000    0.0000             0          6534
 28  vehicle-static        0.2714    0.3036    0.7187       9133948       3858916
 29  terrain               0.5229    0.7640    0.6236      37468884      45902141
  mIoU (over 27 present cls): 0.1779
  mean recall:                       0.2472
  mean precision:                    0.2929
  overall accuracy:                  0.6594

================================================================================================
Side-by-side: cenet_mcd_terrain  vs  cenet_mcd_terrain_ntu_tuhh
================================================================================================
 id  name                   IoU_A    IoU_B     ΔIoU     Acc_A    Acc_B     ΔAcc
------------------------------------------------------------------------------------------------
  0  barrier               0.0000   0.0000  +0.0000    0.0000   0.0000  +0.0000
  1  bike                  0.0236   0.0067  -0.0170    0.5296   0.2138  -0.3157
  2  building              0.9299   0.8222  -0.1077    0.9732   0.9578  -0.0154
  3  chair                 0.3207   0.0590  -0.2617    0.5981   0.0761  -0.5220
  4  cliff                 0.7201   0.0074  -0.7126    0.8526   0.0124  -0.8402
  5  container             0.3043   0.0001  -0.3042    0.4088   0.0015  -0.4073
  6  curb                  0.1936   0.0215  -0.1720    0.3988   0.0477  -0.3511
  7  fence                 0.3289   0.0334  -0.2955    0.4690   0.0407  -0.4283
  9  infosign              0.5911   0.2304  -0.3607    0.6983   0.3438  -0.3544
 10  lanemarking           0.0330   0.0000  -0.0330    0.4839   0.0000  -0.4839
 11  noise                 0.0780   0.0005  -0.0775    0.1022   0.0005  -0.1016
 12  other                 0.3569   0.0038  -0.3531    0.4441   0.0047  -0.4395
 13  parkinglot            0.2932   0.0466  -0.2466    0.3829   0.0792  -0.3037
 14  pedestrian            0.4338   0.3502  -0.0835    0.7148   0.5498  -0.1650
 15  pole                  0.4571   0.2410  -0.2162    0.5672   0.3362  -0.2310
 16  road                  0.6396   0.0993  -0.5403    0.6706   0.1367  -0.5339
 17  shelter               0.0070   0.0000  -0.0070    0.0082   0.0000  -0.0082
 18  sidewalk              0.7064   0.3887  -0.3177    0.7547   0.5360  -0.2187
 19  stairs                0.6344   0.2686  -0.3658    0.7436   0.2864  -0.4572
 20  structure-other       0.6837   0.0178  -0.6659    0.8524   0.0198  -0.8326
 22  traffic-sign          0.4984   0.1704  -0.3280    0.7326   0.2209  -0.5117
 23  trashbin              0.3781   0.1384  -0.2398    0.6071   0.2610  -0.3461
 24  treetrunk             0.6050   0.3640  -0.2411    0.7868   0.6146  -0.1722
 25  vegetation            0.8308   0.7378  -0.0930    0.9163   0.8652  -0.0511
 26  vehicle-dynamic       0.3549   0.0023  -0.3526    0.5052   0.0027  -0.5025
 28  vehicle-static        0.5121   0.2714  -0.2407    0.6307   0.3036  -0.3270
 29  terrain               0.7228   0.5229  -0.1999    0.7938   0.7640  -0.0298  ←TERRAIN
------------------------------------------------------------------------------------------------
  mIoU:        A=0.4310  B=0.1779  Δ=-0.2531
  mean recall: A=0.5787  B=0.2472  Δ=-0.3315
  TERRAIN IoU: A=0.7228  B=0.5229  Δ=-0.1999
  TERRAIN Acc: A=0.7938  B=0.7640  Δ=-0.0298
